create database Dbpruebasuser;
use Dbpruebasuser;

create table tabla1(
    col1 int primary key,
    col2 int ,
    col3 int);

create table tabla2(
     col1 int primary key,
     col2 int,
     col3 int);

create table tabla3(
    col1 int primary key,
    col2 int,
    col3 int);

mysql> create user 'user1'@'localhost'  IDENTIFIED BY '123';
Query OK, 0 rows affected (0.10 sec)

mysql> GRANT update (col1, col3), insert (col2), select ON Dbpruebasuser.tabla1 TO 'user1'@'localhost';
Query OK, 0 rows affected (0.29 sec


mysql> create user 'juan'@'192.108.0.19' IDENTIFIED BY '123';
Query OK, 0 rows affected (0.22 sec)

mysql> GRANT ALTER ON Dbpruebasuser.tabla3 TO ‘juan’@’192.108.0.19’ 
Query OK, 0 rows affected (0.24 sec)


mysql> create user 'pedrito'@'%' IDENTIFIED BY '123';
Query OK, 0 rows affected (0.15 sec)

mysql> GRANT ALL ON Dbpruebasuser.* TO 'pedrito'@'%';
Query OK, 0 rows affected (0.22 sec)

mysql> select * from mysql.user;
+--------------+------------------+-------------+-------------+-------------+-------------+-------------+-----------+-------------+---------------+--------------+-----------+------------+-----------------+------------+------------+--------------+------------+-----------------------+------------------+--------------+-----------------+------------------+------------------+----------------+---------------------+--------------------+------------------+------------+--------------+------------------------+----------+------------+-------------+--------------+---------------+-------------+-----------------+----------------------+-----------------------+------------------------------------------------------------------------+------------------+-----------------------+-------------------+----------------+------------------+----------------+------------------------+---------------------+--------------------------+
| Host         | User             | Select_priv | Insert_priv | Update_priv | Delete_priv | Create_priv | Drop_priv | Reload_priv | Shutdown_priv | Process_priv | File_priv | Grant_priv | References_priv | Index_priv | Alter_priv | Show_db_priv | Super_priv | Create_tmp_table_priv | Lock_tables_priv | Execute_priv | Repl_slave_priv | Repl_client_priv | Create_view_priv | Show_view_priv | Create_routine_priv | Alter_routine_priv | Create_user_priv | Event_priv | Trigger_priv | Create_tablespace_priv | ssl_type | ssl_cipher | x509_issuer | x509_subject | max_questions | max_updates | max_connections | max_user_connections | plugin                | authentication_string                                                  | password_expired | password_last_changed | password_lifetime | account_locked | Create_role_priv | Drop_role_priv | Password_reuse_history | Password_reuse_time | Password_require_current |
+--------------+------------------+-------------+-------------+-------------+-------------+-------------+-----------+-------------+---------------+--------------+-----------+------------+-----------------+------------+------------+--------------+------------+-----------------------+------------------+--------------+-----------------+------------------+------------------+----------------+---------------------+--------------------+------------------+------------+--------------+------------------------+----------+------------+-------------+--------------+---------------+-------------+-----------------+----------------------+-----------------------+------------------------------------------------------------------------+------------------+-----------------------+-------------------+----------------+------------------+----------------+------------------------+---------------------+--------------------------+
| %            | pedrito          | N           | N           | N           | N           | N           | N         | N           | N             | N            | N         | N          | N               | N          | N          | N            | N          | N                     | N                | N            | N               | N                | N                | N              | N                   | N                  | N                | N          | N            | N                      |          |            |             |              |             0 |           0 |               0 |                    0 | caching_sha2_password | $A$005$!.{eG]`-GA4k1SL.BjcM0nqO6vwbTcMnBKqV3uW/i26M1t5TpKTKuv8MC8 | N                | 2019-10-12 07:43:22   |              NULL | N              | N                | N              |                   NULL |                NULL | NULL                     |
| 192.108.0.19 | juan             | N           | N           | N           | N           | N           | N         | N           | N             | N            | N         | N          | N               | N          | N          | N            | N          | N                     | N                | N            | N               | N                | N                | N              | N                   | N                  | N                | N          | N            | N                      |          |            |             |              |             0 |           0 |               0 |                    0 | caching_sha2_password | $A$005$Ul39ic>jTY#0'W`MWSOJrfRYLLMMdx2UIoMe7uT3bsfwPceJFeiE.menKr. | N                | 2019-10-12 07:40:02   |              NULL | N              | N                | N              |                   NULL |                NULL | NULL                     |
| localhost    | mysql.infoschema | Y           | N           | N           | N           | N           | N         | N           | N             | N            | N         | N          | N               | N          | N          | N            | N          | N                     | N                | N            | N               | N                | N                | N              | N                   | N                  | N                | N          | N            | N                      |          |            |             |              |             0 |           0 |               0 |                    0 | caching_sha2_password | $A$005$THISISACOMBINATIONOFINVALIDSALTANDPASSWORDTHATMUSTNEVERBRBEUSED | N                | 2019-10-07 21:16:26   |              NULL | Y              | N                | N              |                   NULL |                NULL | NULL                     |
| localhost    | mysql.session    | N           | N           | N           | N           | N           | N         | N           | N             | N            | N         | N          | N               | N          | N          | N            | Y          | N                     | N                | N            | N               | N                | N                | N              | N                   | N                  | N                | N          | N            | N                      |          |            |             |              |             0 |           0 |               0 |                    0 | caching_sha2_password | $A$005$THISISACOMBINATIONOFINVALIDSALTANDPASSWORDTHATMUSTNEVERBRBEUSED | N                | 2019-10-07 21:16:26   |              NULL | Y              | N                | N              |                   NULL |                NULL | NULL                     |
| localhost    | mysql.sys        | N           | N           | N           | N           | N           | N         | N           | N             | N            | N         | N          | N               | N          | N          | N            | N          | N                     | N                | N            | N               | N                | N                | N              | N                   | N                  | N                | N          | N            | N                      |          |            |             |              |             0 |           0 |               0 |                    0 | caching_sha2_password | $A$005$THISISACOMBINATIONOFINVALIDSALTANDPASSWORDTHATMUSTNEVERBRBEUSED | N                | 2019-10-07 21:16:26   |              NULL | Y              | N                | N              |                   NULL |                NULL | NULL                     |
| localhost    | root             | Y           | Y           | Y           | Y           | Y           | Y         | Y           | Y             | Y            | Y         | Y          | Y               | Y          | Y          | Y            | Y          | Y                     | Y                | Y            | Y               | Y                | Y                | Y              | Y                   | Y                  | Y                | Y          | Y            | Y                      |          |            |             |              |             0 |           0 |               0 |                    0 | caching_sha2_password | $A$005$g+ymQR;YbI=5Z8UyVdRkVH/edDZs.fkuBv35glBtNjLgYNgahN9cpXB | N                | 2019-10-07 21:16:57   |              NULL | N              | Y                | Y              |                   NULL |                NULL | NULL                     |
| localhost    | user1            | N           | N           | N           | N           | N           | N         | N           | N             | N            | N         | N          | N               | N          | N          | N            | N          | N                     | N                | N            | N               | N                | N                | N              | N                   | N                  | N                | N          | N            | N                      |          |            |             |              |             0 |           0 |               0 |                    0 | caching_sha2_password | $A$005$is_jET#E09rQ4Dl9nl9oFDdqDoGNTuEJKxt9pihvuZbw8c9Jvz.Mo.hi5 | N                | 2019-10-12 07:31:51   |              NULL | N              | N                | N              |                   NULL |                NULL | NULL                     |
+--------------+------------------+-------------+-------------+-------------+-------------+-------------+-----------+-------------+---------------+--------------+-----------+------------+-----------------+------------+------------+--------------+------------+-----------------------+------------------+--------------+-----------------+------------------+------------------+----------------+---------------------+--------------------+------------------+------------+--------------+------------------------+----------+------------+-------------+--------------+---------------+-------------+-----------------+----------------------+-----------------------+------------------------------------------------------------------------+------------------+-----------------------+-------------------+----------------+------------------+----------------+------------------------+---------------------+--------------------------+
7 rows in set (0.11 sec)

mysql> insert into tabla1 values(09,87,33);
Query OK, 1 row affected (0.15 sec)

mysql> insert into tabla1 values(29,09,98);
Query OK, 1 row affected (0.11 sec)

mysql> insert into tabla1 values(16,78,09);
Query OK, 1 row affected (0.09 sec)

mysql> select * from tabla1;
+------+------+------+
| col1 | col2 | col3 |
+------+------+------+
|    9 |   87 |   33 |
|   16 |   78 |    9 |
|   29 |    9 |   98 |
+------+------+------+
3 rows in set (0.00 sec)

mysql> update tabla1 set
    -> col2=98;
Query OK, 3 rows affected (0.13 sec)
Rows matched: 3  Changed: 3  Warnings: 0

mysql> select * from tabla1;
+------+------+------+
| col1 | col2 | col3 |
+------+------+------+
|    9 |   98 |   33 |
|   16 |   98 |    9 |
|   29 |   98 |   98 |
+------+------+------+
3 rows in set (0.00 sec)


mysql> update tabla1 set
    -> col3=100 where col3=33;
Query OK, 1 row affected (0.14 sec)
Rows matched: 1  Changed: 1  Warnings: 0

mysql> select * from tabla1;
+------+------+------+
| col1 | col2 | col3 |
+------+------+------+
|    9 |   98 |  100 |
|   16 |   98 |    9 |
|   29 |   98 |   98 |
+------+------+------+
3 rows in set (0.00 sec)

mysql> update tabla1 set
    -> col1=00 where col1=16;
Query OK, 1 row affected (0.14 sec)
Rows matched: 1  Changed: 1  Warnings: 0

mysql> select * from tabla1;
+------+------+------+
| col1 | col2 | col3 |
+------+------+------+
|    0 |   98 |    9 |
|    9 |   98 |  100 |
|   29 |   98 |   98 |
+------+------+------+
3 rows in set (0.00 sec)

mysql> delete from tabla1
    -> where col3=100;
Query OK, 1 row affected (0.09 sec)

mysql> select * from tabla1;
+------+------+------+
| col1 | col2 | col3 |
+------+------+------+
|    0 |   98 |    9 |
|   29 |   98 |   98 |
+------+------+------+
2 rows in set (0.00 sec)


mysql> Terminal close -- exit!
